// Vitest Snapshot v1, https://vitest.dev/guide/snapshot.html

exports[`Server > should generate swagger.json 1`] = `
{
  "components": {
    "schemas": {
      "GenericError": {
        "additionalProperties": true,
        "properties": {
          "message": {
            "description": "An error message",
            "minLength": 1,
            "type": "string",
          },
          "name": {
            "description": "The error name",
            "minLength": 1,
            "type": "string",
          },
        },
        "required": [
          "name",
          "message",
        ],
        "type": "object",
      },
      "GreetingRequest": {
        "properties": {
          "additionalMsg": {
            "type": "string",
          },
          "count": {
            "default": 2,
            "type": "number",
          },
          "name": {
            "example": "John",
            "minLength": 1,
            "type": "string",
          },
        },
        "required": [
          "name",
        ],
        "type": "object",
      },
      "NotFound": {
        "properties": {
          "errors": {
            "description": "A list of related errors",
            "items": {
              "$ref": "#/components/schemas/GenericError",
            },
            "type": "array",
          },
          "message": {
            "description": "An error message",
            "minLength": 1,
            "type": "string",
          },
          "name": {
            "default": "NOT_FOUND",
            "description": "The error name",
            "example": "NOT_FOUND",
            "minLength": 1,
            "type": "string",
          },
          "stack": {
            "description": "The stack trace (only in development mode)",
            "type": "string",
          },
          "status": {
            "default": 404,
            "description": "The status code of the exception",
            "example": 404,
            "type": "number",
          },
        },
        "required": [
          "name",
          "message",
          "status",
        ],
        "type": "object",
      },
      "Timeslot": {
        "properties": {
          "created_at": {
            "format": "date-time",
            "minLength": 1,
            "type": "string",
          },
          "description": {
            "default": "",
            "description": "Activity or Dresscode in HTML format",
            "maxLength": 500,
            "minLength": 3,
            "type": "string",
          },
          "end_date": {
            "format": "date-time",
            "minLength": 1,
            "type": "string",
          },
          "id": {
            "format": "uuid",
            "type": "string",
          },
          "label": {
            "example": "Hiking",
            "maxLength": 100,
            "minLength": 3,
            "type": "string",
          },
          "start_date": {
            "format": "date-time",
            "minLength": 1,
            "type": "string",
          },
          "updated_at": {
            "format": "date-time",
            "minLength": 1,
            "type": "string",
          },
        },
        "required": [
          "start_date",
          "end_date",
          "label",
          "description",
          "created_at",
          "updated_at",
        ],
        "type": "object",
      },
      "TimeslotCreate": {
        "properties": {
          "description": {
            "default": "",
            "description": "Activity or Dresscode in HTML format",
            "maxLength": 500,
            "minLength": 3,
            "type": "string",
          },
          "end_date": {
            "format": "date-time",
            "minLength": 1,
            "type": "string",
          },
          "id": {
            "format": "uuid",
            "type": "string",
          },
          "label": {
            "example": "Hiking",
            "maxLength": 100,
            "minLength": 3,
            "type": "string",
          },
          "start_date": {
            "format": "date-time",
            "minLength": 1,
            "type": "string",
          },
        },
        "required": [
          "start_date",
          "end_date",
          "label",
          "description",
        ],
        "type": "object",
      },
      "TimeslotUpdate": {
        "properties": {
          "description": {
            "default": "",
            "description": "Activity or Dresscode in HTML format",
            "maxLength": 500,
            "minLength": 3,
            "type": "string",
          },
          "end_date": {
            "format": "date-time",
            "minLength": 1,
            "type": "string",
          },
          "id": {
            "format": "uuid",
            "minLength": 1,
            "type": "string",
          },
          "label": {
            "example": "Hiking",
            "maxLength": 100,
            "minLength": 3,
            "type": "string",
          },
          "start_date": {
            "format": "date-time",
            "minLength": 1,
            "type": "string",
          },
        },
        "required": [
          "id",
          "start_date",
          "end_date",
          "label",
          "description",
        ],
        "type": "object",
      },
    },
  },
  "info": {
    "title": "Api documentation",
    "version": "1.0.0",
  },
  "openapi": "3.1.0",
  "paths": {
    "/hello": {
      "get": {
        "operationId": "helloControllerGet",
        "parameters": [
          {
            "in": "query",
            "name": "name",
            "required": false,
            "schema": {
              "type": "string",
            },
          },
        ],
        "responses": {
          "200": {
            "content": {
              "*/*": {
                "schema": {
                  "type": "string",
                },
              },
            },
            "description": "Success",
          },
        },
        "tags": [
          "HelloController",
        ],
      },
      "post": {
        "operationId": "helloControllerPost",
        "parameters": [],
        "requestBody": {
          "content": {
            "application/json": {
              "schema": {
                "$ref": "#/components/schemas/GreetingRequest",
              },
            },
          },
          "required": false,
        },
        "responses": {
          "200": {
            "content": {
              "application/json": {
                "schema": {
                  "type": "array",
                },
              },
            },
            "description": "Success",
          },
        },
        "tags": [
          "HelloController",
        ],
      },
    },
    "/timeslots": {
      "get": {
        "operationId": "timeslotsControllerGetTimeslots",
        "parameters": [],
        "responses": {
          "200": {
            "content": {
              "application/json": {
                "schema": {
                  "items": {
                    "$ref": "#/components/schemas/Timeslot",
                  },
                  "type": "array",
                },
              },
            },
            "description": "Success",
          },
        },
        "tags": [
          "TimeslotsController",
        ],
      },
      "post": {
        "operationId": "timeslotsControllerCreateTimeslot",
        "parameters": [],
        "requestBody": {
          "content": {
            "application/json": {
              "schema": {
                "$ref": "#/components/schemas/TimeslotCreate",
              },
            },
          },
          "required": false,
        },
        "responses": {
          "201": {
            "content": {
              "application/json": {
                "schema": {
                  "$ref": "#/components/schemas/Timeslot",
                },
              },
            },
            "description": "Created",
          },
        },
        "tags": [
          "TimeslotsController",
        ],
      },
    },
    "/timeslots/{id}": {
      "get": {
        "operationId": "timeslotsControllerGetTimeslotById",
        "parameters": [
          {
            "in": "path",
            "name": "id",
            "required": true,
            "schema": {
              "format": "uuid",
              "type": "string",
            },
          },
        ],
        "responses": {
          "200": {
            "content": {
              "application/json": {
                "schema": {
                  "$ref": "#/components/schemas/Timeslot",
                },
              },
            },
            "description": "Success",
          },
          "404": {
            "content": {
              "application/json": {
                "schema": {
                  "$ref": "#/components/schemas/NotFound",
                },
              },
            },
            "description": "Timeslot not found",
          },
        },
        "tags": [
          "TimeslotsController",
        ],
      },
      "put": {
        "operationId": "timeslotsControllerUpdateTimeslot",
        "parameters": [
          {
            "in": "path",
            "name": "id",
            "required": true,
            "schema": {
              "format": "uuid",
              "type": "string",
            },
          },
        ],
        "requestBody": {
          "content": {
            "application/json": {
              "schema": {
                "$ref": "#/components/schemas/TimeslotUpdate",
              },
            },
          },
          "required": false,
        },
        "responses": {
          "200": {
            "content": {
              "application/json": {
                "schema": {
                  "$ref": "#/components/schemas/Timeslot",
                },
              },
            },
            "description": "Success",
          },
          "404": {
            "content": {
              "application/json": {
                "schema": {
                  "$ref": "#/components/schemas/NotFound",
                },
              },
            },
            "description": "Timeslot not found",
          },
        },
        "tags": [
          "TimeslotsController",
        ],
      },
    },
  },
  "tags": [
    {
      "name": "HelloController",
    },
    {
      "name": "TimeslotsController",
    },
  ],
}
`;
